  <name>IjetTraceSizeList</name>
          <version>0</version>
          <state>4</state>
        </option>
        <option>
          <name>FlashBoardPathSlave</name>
          <state>0</state>
        </option>
        <option>
          <name>CCIjetUsbSerialNo</name>
          <state/>
        </option>
        <option>
          <name>CCIjetUsbSerialNoSelect</name>
          <state>0</state>
        </option>
      </data>
    </settings>
    <settings>
      <name>JLINK_ID</name>
      <archiveVersion>2</archiveVersion>
      <data>
        <version>16</version>
        <wantNonLocal>1</wantNonLocal>
        <debug>1</debug>
        <option>
          <name>CCCatchSFERR</name>
          <state>0</state>
        </option>
        <option>
          <name>JLinkSpeed</name>
          <state>32</state>
        </option>
        <option>
          <name>CCJLinkDoLogfile</name>
          <state>0</state>
        </option>
        <option>
          <name>CCJLinkLogFile</name>
          <state>$PROJ_DIR$\cspycomm.log</state>
        </option>
        <option>
          <name>CCJLinkHWResetDelay</name>
          <state>0</state>
        </option>
        <option>
          <name>OCDriverInfo</name>
          <state>1</state>
        </option>
        <option>
          <name>JLinkInitialSpeed</name>
          <state>32</state>
        </option>
        <option>
          <name>CCDoJlinkMultiTarget</name>
          <state>0</state>
        </option>
        <option>
          <name>CCScanChainNonARMDevices</name>
          <state>0</state>
        </option>
        <option>
          <name>CCJLinkMultiTarget</name>
          <state>0</state>
        </option>
        <option>
          <name>CCJLinkIRLength</name>
          <state>0</state>
        </option>
        <option>
          <name>CCJLinkCommRadio</name>
          <state>0</state>
        </option>
        <option>
          <name>CCJLinkTCPIP</name>
          <state>aaa.bbb.ccc.ddd</state>
        </option>
        <option>
          <name>CCJLinkSpeedRadioV2</name>
          <state>0</state>
        </option>
        <option>
          <name>CCUSBDevice</name>
          <version>1</version>
          <state>1</state>
        </option>
        <option>
          <name>CCRDICatchReset</name>
          <state>0</state>
        </option>
        <option>
          <name>CCRDICatchUndef</name>
          <state>0</state>
        </option>
        <option>
          <name>CCRDICatchSWI</name>
          <state>0</state>
        </option>
        <option>
          <name>CCRDICatchData</name>
          <state>0</state>
        </option>
        <option>
          <name>CCRDICatchPrefetch</name>
          <state>0</state>
        </option>
        <option>
          <name>CCRDICatchIRQ</name>
          <state>0</state>
        </option>
        <option>
          <name>CCRDICatchFIQ</name>
          <state>0</state>
        </option>
        <option>
          <name>CCJLinkBreakpointRadio</name>
          <state>0</state>
        </option>
        <option>
          <name>CCJLinkDoUpdateBreakpoints</name>
          <state>0</state>
        </option>
        <option>
          <name>CCJLinkUpdateBreakpoints</name>
          <state>_call_main</state>
        </option>
        <option>
          <name>CCJLinkInterfaceRadio</name>
          <state>0</state>
        </option>
        <option>
          <name>CCJLinkResetList</name>
          <version>6</version>
          <state>5</state>
        </option>
        <option>
          <name>CCJLinkInterfaceCmdLine</name>
          <state>0</state>
        </option>
        <option>
          <name>CCCatchCORERESET</name>
          <state>0</state>
        </option>
        <option>
          <name>CCCatchMMERR</name>
          <state>0</state>
        </option>
        <option>
          <name>CCCatchNOCPERR</name>
          <state>0</state>
        </option>
        <option>
          <name>CCCatchCHRERR</name>
          <state>0</state>
        </option>
        <option>
          <name>CCCatchSTATERR</name>
          <state>0</state>
        </option>
        <option>
          <name>CCCatchBUSERR</name>
          <state>0</state>
        </option>
        <option>
          <name>CCCatchINTERR</name>
          <state>0</state>
        </option>
        <option>
          <name>CCCatchHARDERR</name>
          <state>0</state>
        </option>
        <option>
          <name>CCCatchDummy</name>
          <state>0</state>
        </option>
        <option>
          <name>OCJLinkScriptFile</name>
          <state>1</state>
        </option>
        <option>
          <name>CCJLinkUsbSerialNo</name>
          <state/>
        </option>
        <option>
          <name>CCTcpIpAlt</name>
          <version>0</version>
          <state>0</state>
        </option>
        <option>
          <name>CCJLinkTcpIpSerialNo</name>
          <state/>
        </option>
        <option>
          <name>CCCpuClockEdit</name>
          <state>72.0</state>
        </option>
        <option>
          <name>CCSwoClockAuto</name>
          <state>0</state>
        </option>
        <option>
          <name>CCSwoClockEdit</name>
          <state>2000</state>
        </option>
        <option>
          <name>OCJLinkTraceSource</name>
          <state>0</state>
        </option>
        <option>
          <name>OCJLinkTraceSourceDummy</name>
          <state>0</state>
        </option>
        <option>
          <name>OCJLinkDeviceName</name>
          <state>1</state>
        </option>
      </data>
    </settings>
    <settings>
      <name>LMIFTDI_ID</name>
      <archiveVersion>2</archiveVersion>
      <data>
        <version>2</version>
        <wantNonLocal>1</wantNonLocal>
        <debug>1</debug>
        <option>
          <name>OCDriverInfo</name>
          <state>1</state>
        </option>
        <option>
          <name>LmiftdiSpeed</name>
          <state>500</state>
        </option>
        <option>
          <name>CCLmiftdiDoLogfile</name>
          <state>0</state>
        </option>
        <option>
          <name>CCLmiftdiLogFile</name>
          <state>$PROJ_DIR$\cspycomm.log</state>
        </option>
        <option>
          <name>CCLmiFtdiInterfaceRadio</name>
          <state>0</state>
        </option>
        <option>
          <name>CCLmiFtdiInterfaceCmdLine</name>
          <state>0</state>
        </option>
      </data>
    </settings>
    <settings>
      <name>MACRAIGOR_ID</name>
      <archiveVersion>2</archiveVersion>
      <data>
        <version>3</version>
        <wantNonLocal>1</wantNonLocal>
        <debug>1</debug>
        <option>
          <name>jtag</name>
          <version>0</version>
          <state>0</state>
        </option>
        <option>
          <name>EmuSpeed</name>
          <state>1</state>
        </option>
        <option>
          <name>TCPIP</name>
          <state>aaa.bbb.ccc.ddd</state>
        </option>
        <option>
          <name>DoLogfile</name>
          <state>0</state>
        </option>
        <option>
          <name>LogFile</name>
          <state>$PROJ_DIR$\cspycomm.log</state>
        </option>
        <option>
          <name>DoEmuMultiTarget</name>
          <state>0</state>
        </option>
        <option>
          <name>EmuMultiTarget</name>
          <state>0@ARM7TDMI</state>
        </option>
        <option>
          <name>EmuHWReset</name>
          <state>0</state>
        </option>
        <option>
          <name>CEmuCommBaud</name>
          <version>0</version>
          <state>4</state>
        </option>
        <option>
          <name>CEmuCommPort</name>
          <version>0</version>
          <state>0</state>
        </option>
        <option>
          <name>jtago</name>
          <version>0</version>
          <state>0</state>
        </option>
        <option>
          <name>OCDriverInfo</name>
          <state>1</state>
        </option>
        <option>
          <name>UnusedAddr</name>
          <state>0x00800000</state>
        </option>
        <option>
          <name>CCMacraigorHWResetDelay</name>
          <state/>
        </option>
        <option>
          <name>CCJTagBreakpointRadio</name>
          <state>0</state>
        </option>
        <option>
          <name>CCJTagDoUpdateBreakpoints</name>
          <state>0</state>
        </option>
        <option>
          <name>CCJTagU