Classic Timing Analyzer report for hw9
Fri Jul 27 10:12:24 2018
Quartus II Version 9.1 Build 304 01/25/2010 Service Pack 1 SJ Web Edition


---------------------
; Table of Contents ;
---------------------
  1. Legal Notice
  2. Timing Analyzer Summary
  3. Timing Analyzer Settings
  4. Clock Settings Summary
  5. Parallel Compilation
  6. tsu
  7. tco
  8. th
  9. Timing Analyzer Messages



----------------
; Legal Notice ;
----------------
Copyright (C) 1991-2010 Altera Corporation
Your use of Altera Corporation's design tools, logic functions 
and other software and tools, and its AMPP partner logic 
functions, and any output files from any of the foregoing 
(including device programming or simulation files), and any 
associated documentation or information are expressly subject 
to the terms and conditions of the Altera Program License 
Subscription Agreement, Altera MegaCore Function License 
Agreement, or other applicable license agreement, including, 
without limitation, that your use is for the sole purpose of 
programming logic devices manufactured by Altera and sold by 
Altera or its authorized distributors.  Please refer to the 
applicable agreement for further details.



+---------------------------------------------------------------------------------------------------------------------------------------------+
; Timing Analyzer Summary                                                                                                                     ;
+------------------------------+-------+---------------+-------------+----------------+----------------+------------+----------+--------------+
; Type                         ; Slack ; Required Time ; Actual Time ; From           ; To             ; From Clock ; To Clock ; Failed Paths ;
+------------------------------+-------+---------------+-------------+----------------+----------------+------------+----------+--------------+
; Worst-case tsu               ; N/A   ; None          ; 0.944 ns    ; b              ; Mux2to1:u0|f~1 ; --         ; s        ; 0            ;
; Worst-case tco               ; N/A   ; None          ; 5.121 ns    ; Mux2to1:u0|f~1 ; f              ; s          ; --       ; 0            ;
; Worst-case th                ; N/A   ; None          ; -0.126 ns   ; b              ; Mux2to1:u0|f~1 ; --         ; s        ; 0            ;
; Total number of failed paths ;       ;               ;             ;                ;                ;            ;          ; 0            ;
+------------------------------+-------+---------------+-------------+----------------+----------------+------------+----------+--------------+


+-----------------------------------------------------------------------------------------------------------------------------------------------------+
; Timing Analyzer Settings                                                                                                                            ;
+------------------------------------------------------------------------------------------------------+--------------------+------+----+-------------+
; Option                                                                                               ; Setting            ; From ; To ; Entity Name ;
+------------------------------------------------------------------------------------------------------+--------------------+------+----+-------------+
; Device Name                                                                                          ; EP2C35F672C6       ;      ;    ;             ;
; Timing Models                                                                                        ; Final              ;      ;    ;             ;
; Default hold multicycle                                                                              ; Same as Multicycle ;      ;    ;             ;
; Cut paths between unrelated clock domains                                                            ; On                 ;      ;    ;             ;
; Cut off read during write signal paths                                                               ; On                 ;      ;    ;             ;
; Cut off feedback from I/O pins                                                                       ; On                 ;      ;    ;             ;
; Report Combined Fast/Slow Timing                                                                     ; Off                ;      ;    ;             ;
; Ignore Clock Settings                                                                                ; Off                ;      ;    ;             ;
; Analyze latches as synchronous elements                                                              ; On                 ;      ;    ;             ;
; Enable Recovery/Removal analysis                                                                     ; Off                ;      ;    ;             ;
; Enable Clock Latency                                                                                 ; Off                ;      ;    ;             ;
; Use TimeQuest Timing Analyzer                                                                        ; Off                ;      ;    ;             ;
; Minimum Core Junction Temperature                                                                    ; 0                  ;      ;    ;             ;
; Maximum Core Junction Temperature                                                                    ; 85                 ;      ;    ;             ;
; Number of source nodes to report per destination node                                                ; 10                 ;      ;    ;             ;
; Number of destination nodes to report                                                                ; 10                 ;      ;    ;             ;
; Number of paths to report                                                                            ; 200                ;      ;    ;             ;
; Report Minimum Timing Checks                                                                         ; Off                ;      ;    ;             ;
; Use Fast Timing Models                                                                               ; Off                ;      ;    ;             ;
; Report IO Paths Separately                                                                           ; Off                ;      ;    ;             ;
; Perform Multicorner Analysis                                                                         ; On                 ;      ;    ;             ;
; Reports the worst-case path for each clock domain and analysis                                       ; Off                ;      ;    ;             ;
; Reports worst-case timing paths for each clock domain and analysis                                   ; On                 ;      ;    ;             ;
; Specifies the maximum number of worst-case timing paths to report for each clock domain and analysis ; 100                ;      ;    ;             ;
; Removes common clock path pessimism (CCPP) during slack computation                                  ; Off                ;      ;    ;             ;
; Output I/O Timing Endpoint                                                                           ; Near End           ;      ;    ;             ;
+------------------------------------------------------------------------------------------------------+--------------------+------+----+-------------+


+------------------------------------------------------------------------------------------------------------------------------------------------------------------------------------+
; Clock Settings Summary                                                                                                                                                             ;
+-----------------+--------------------+----------+------------------+---------------+--------------+----------+-----------------------+---------------------+--------+--------------+
; Clock Node Name ; Clock Setting Name ; Type     ; Fmax Requirement ; Early Latency ; Late Latency ; Based on ; Multiply Base Fmax by ; Divide Base Fmax by ; Offset ; Phase offset ;
+-----------------+--------------------+----------+------------------+---------------+--------------+----------+-----------------------+---------------------+--------+--------------+
; s               ;                    ; User Pin ; None             ; 0.000 ns      ; 0.000 ns     ; --       ; N/A                   ; N/A                 ; N/A    ;              ;
+-----------------+--------------------+----------+------------------+---------------+--------------+----------+-----------------------+---------------------+--------+--------------+


Parallel compilation was disabled, but you have multiple processors available. Enable parallel compilation to reduce compilation time.
+-------------------------------------+
; Parallel Compilation                ;
+----------------------------+--------+
; Processors                 ; Number ;
+----------------------------+--------+
; Number detected on machine ; 4      ;
; Maximum allowed            ; 1      ;
+----------------------------+--------+


+----------------------------------------------------------------------+
; tsu                                                                  ;
+-------+--------------+------------+------+----------------+----------+
; Slack ; Required tsu ; Actual tsu ; From ; To             ; To Clock ;
+-------+--------------+------------+------+----------------+----------+
; N/A   ; None         ; 0.944 ns   ; b    ; Mux2to1:u0|f~1 ; s        ;
+-------+--------------+------------+------+----------------+----------+


+----------------------------------------------------------------------+
; tco                                                                  ;
+-------+--------------+------------+----------------+----+------------+
; Slack ; Required tco ; Actual tco ; From           ; To ; From Clock ;
+-------+--------------+------------+----------------+----+------------+
; N/A   ; None         ; 5.121 ns   ; Mux2to1:u0|f~1 ; f  ; s          ;
+-------+--------------+------------+----------------+----+------------+


+----------------------------------------------------------------------------+
; th                                                                         ;
+---------------+-------------+-----------+------+----------------+----------+
; Minimum Slack ; Required th ; Actual th ; From ; To             ; To Clock ;
+---------------+-------------+-----------+------+----------------+----------+
; N/A           ; None        ; -0.126 ns ; b    ; Mux2to1:u0|f~1 ; s        ;
+---------------+-------------+-----------+------+----------------+----------+


+--------------------------+
; Timing Analyzer Messages ;
+--------------------------+
Info: *******************************************************************
Info: Running Quartus II Classic Timing Analyzer
    Info: Version 9.1 Build 304 01/25/2010 Service Pack 1 SJ Web Edition
    Info: Processing started: Fri Jul 27 10:12:24 2018
Info: Command: quartus_tan --read_settings_files=off --write_settings_files=off hw9 -c hw9 --timing_analysis_only
Warning: Timing Analysis is analyzing one or more combinational loops as latches
    Warning: Node "Mux2to1:u0|f~1" is a latch
Warning: Found pins functioning as undefined clocks and/or memory enables
    Info: Assuming node "s" is a latch enable. Will not compute fmax for this pin.
Info: tsu for register "Mux2to1:u0|f~1" (data pin = "b", clock pin = "s") is 0.944 ns
    Info: + Longest pin to register delay is 1.883 ns
        Info: 1: + IC(0.000 ns) + CELL(0.979 ns) = 0.979 ns; Loc. = PIN_C13; Fanout = 1; PIN Node = 'b'
        Info: 2: + IC(0.633 ns) + CELL(0.271 ns) = 1.883 ns; Loc. = LCCOMB_X31_Y35_N0; Fanout = 1; REG Node = 'Mux2to1:u0|f~1'
        Info: Total cell delay = 1.250 ns ( 66.38 % )
        Info: Total interconnect delay = 0.633 ns ( 33.62 % )
    Info: + Micro setup delay of destination is 0.818 ns
    Info: - Shortest clock path from clock "s" to destination register is 1.757 ns
        Info: 1: + IC(0.000 ns) + CELL(0.979 ns) = 0.979 ns; Loc. = PIN_D13; Fanout = 1; CLK Node = 's'
        Info: 2: + IC(0.628 ns) + CELL(0.150 ns) = 1.757 ns; Loc. = LCCOMB_X31_Y35_N0; Fanout = 1; REG Node = 'Mux2to1:u0|f~1'
        Info: Total cell delay = 1.129 ns ( 64.26 % )
        Info: Total interconnect delay = 0.628 ns ( 35.74 % )
Info: tco from clock "s" to destination pin "f" through register "Mux2to1:u0|f~1" is 5.121 ns
    Info: + Longest clock path from clock "s" to source register is 1.757 ns
        Info: 1: + IC(0.000 ns) + CELL(0.979 ns) = 0.979 ns; Loc. = PIN_D13; Fanout = 1; CLK Node = 's'
        Info: 2: + IC(0.628 ns) + CELL(0.150 ns) = 1.757 ns; Loc. = LCCOMB_X31_Y35_N0; Fanout = 1; REG Node = 'Mux2to1:u0|f~1'
        Info: Total cell delay = 1.129 ns ( 64.26 % )
        Info: Total interconnect delay = 0.628 ns ( 35.74 % )
    Info: + Micro clock to output delay of source is 0.000 ns
    Info: + Longest register to pin delay is 3.364 ns
        Info: 1: + IC(0.000 ns) + CELL(0.000 ns) = 0.000 ns; Loc. = LCCOMB_X31_Y35_N0; Fanout = 1; REG Node = 'Mux2to1:u0|f~1'
        Info: 2: + IC(0.576 ns) + CELL(2.788 ns) = 3.364 ns; Loc. = PIN_C12; Fanout = 0; PIN Node = 'f'
        Info: Total cell delay = 2.788 ns ( 82.88 % )
        Info: Total interconnect delay = 0.576 ns ( 17.12 % )
Info: th for register "Mux2to1:u0|f~1" (data pin = "b", clock pin = "s") is -0.126 ns
    Info: + Longest clock path from clock "s" to destination register is 1.757 ns
        Info: 1: + IC(0.000 ns) + CELL(0.979 ns) = 0.979 ns; Loc. = PIN_D13; Fanout = 1; CLK Node = 's'
        Info: 2: + IC(0.628 ns) + CELL(0.150 ns) = 1.757 ns; Loc. = LCCOMB_X31_Y35_N0; Fanout = 1; REG Node = 'Mux2to1:u0|f~1'
        Info: Total cell delay = 1.129 ns ( 64.26 % )
        Info: Total interconnect delay = 0.628 ns ( 35.74 % )
    Info: + Micro hold delay of destination is 0.000 ns
    Info: - Shortest pin to register delay is 1.883 ns
        Info: 1: + IC(0.000 ns) + CELL(0.979 ns) = 0.979 ns; Loc. = PIN_C13; Fanout = 1; PIN Node = 'b'
        Info: 2: + IC(0.633 ns) + CELL(0.271 ns) = 1.883 ns; Loc. = LCCOMB_X31_Y35_N0; Fanout = 1; REG Node = 'Mux2to1:u0|f~1'
        Info: Total cell delay = 1.250 ns ( 66.38 % )
        Info: Total interconnect delay = 0.633 ns ( 33.62 % )
Info: Quartus II Classic Timing Analyzer was successful. 0 errors, 3 warnings
    Info: Peak virtual memory: 202 megabytes
    Info: Processing ended: Fri Jul 27 10:12:25 2018
    Info: Elapsed time: 00:00:01
    Info: Total CPU time (on all processors): 00:00:00


